[2025-01-24 17:07:54,363] ERROR [django.request:248] Internal Server Error: /dashboard
Traceback (most recent call last):
  File "/home/sakib/Desktop/sakib/backend/backend/GraphQL/Employee-management-project/myenv/lib/python3.12/site-packages/django/core/handlers/exception.py", line 55, in inner
    response = get_response(request)
               ^^^^^^^^^^^^^^^^^^^^^
  File "/home/sakib/Desktop/sakib/backend/backend/GraphQL/Employee-management-project/myenv/lib/python3.12/site-packages/django/core/handlers/base.py", line 197, in _get_response
    response = wrapped_callback(request, *callback_args, **callback_kwargs)
               ^^^^^^^^^^^^^^^^^^^^^^^^^^^^^^^^^^^^^^^^^^^^^^^^^^^^^^^^^^^^
  File "/home/sakib/Desktop/sakib/backend/backend/GraphQL/Employee-management-project/frontend/views.py", line 18, in Dashboard
    return render(request,'dashboard.html')
           ^^^^^^^^^^^^^^^^^^^^^^^^^^^^^^^^
  File "/home/sakib/Desktop/sakib/backend/backend/GraphQL/Employee-management-project/myenv/lib/python3.12/site-packages/django/shortcuts.py", line 25, in render
    content = loader.render_to_string(template_name, context, request, using=using)
              ^^^^^^^^^^^^^^^^^^^^^^^^^^^^^^^^^^^^^^^^^^^^^^^^^^^^^^^^^^^^^^^^^^^^^
  File "/home/sakib/Desktop/sakib/backend/backend/GraphQL/Employee-management-project/myenv/lib/python3.12/site-packages/django/template/loader.py", line 62, in render_to_string
    return template.render(context, request)
           ^^^^^^^^^^^^^^^^^^^^^^^^^^^^^^^^^
  File "/home/sakib/Desktop/sakib/backend/backend/GraphQL/Employee-management-project/myenv/lib/python3.12/site-packages/django/template/backends/django.py", line 107, in render
    return self.template.render(context)
           ^^^^^^^^^^^^^^^^^^^^^^^^^^^^^
  File "/home/sakib/Desktop/sakib/backend/backend/GraphQL/Employee-management-project/myenv/lib/python3.12/site-packages/django/template/base.py", line 171, in render
    return self._render(context)
           ^^^^^^^^^^^^^^^^^^^^^
  File "/home/sakib/Desktop/sakib/backend/backend/GraphQL/Employee-management-project/myenv/lib/python3.12/site-packages/django/template/base.py", line 163, in _render
    return self.nodelist.render(context)
           ^^^^^^^^^^^^^^^^^^^^^^^^^^^^^
  File "/home/sakib/Desktop/sakib/backend/backend/GraphQL/Employee-management-project/myenv/lib/python3.12/site-packages/django/template/base.py", line 1008, in render
    return SafeString("".join([node.render_annotated(context) for node in self]))
                               ^^^^^^^^^^^^^^^^^^^^^^^^^^^^^^
  File "/home/sakib/Desktop/sakib/backend/backend/GraphQL/Employee-management-project/myenv/lib/python3.12/site-packages/django/template/base.py", line 969, in render_annotated
    return self.render(context)
           ^^^^^^^^^^^^^^^^^^^^
  File "/home/sakib/Desktop/sakib/backend/backend/GraphQL/Employee-management-project/myenv/lib/python3.12/site-packages/django/template/loader_tags.py", line 159, in render
    return compiled_parent._render(context)
           ^^^^^^^^^^^^^^^^^^^^^^^^^^^^^^^^
  File "/home/sakib/Desktop/sakib/backend/backend/GraphQL/Employee-management-project/myenv/lib/python3.12/site-packages/django/template/base.py", line 163, in _render
    return self.nodelist.render(context)
           ^^^^^^^^^^^^^^^^^^^^^^^^^^^^^
  File "/home/sakib/Desktop/sakib/backend/backend/GraphQL/Employee-management-project/myenv/lib/python3.12/site-packages/django/template/base.py", line 1008, in render
    return SafeString("".join([node.render_annotated(context) for node in self]))
                               ^^^^^^^^^^^^^^^^^^^^^^^^^^^^^^
  File "/home/sakib/Desktop/sakib/backend/backend/GraphQL/Employee-management-project/myenv/lib/python3.12/site-packages/django/template/base.py", line 969, in render_annotated
    return self.render(context)
           ^^^^^^^^^^^^^^^^^^^^
  File "/home/sakib/Desktop/sakib/backend/backend/GraphQL/Employee-management-project/myenv/lib/python3.12/site-packages/django/template/loader_tags.py", line 65, in render
    result = block.nodelist.render(context)
             ^^^^^^^^^^^^^^^^^^^^^^^^^^^^^^
  File "/home/sakib/Desktop/sakib/backend/backend/GraphQL/Employee-management-project/myenv/lib/python3.12/site-packages/django/template/base.py", line 1008, in render
    return SafeString("".join([node.render_annotated(context) for node in self]))
                               ^^^^^^^^^^^^^^^^^^^^^^^^^^^^^^
  File "/home/sakib/Desktop/sakib/backend/backend/GraphQL/Employee-management-project/myenv/lib/python3.12/site-packages/django/template/base.py", line 969, in render_annotated
    return self.render(context)
           ^^^^^^^^^^^^^^^^^^^^
  File "/home/sakib/Desktop/sakib/backend/backend/GraphQL/Employee-management-project/myenv/lib/python3.12/site-packages/django/template/defaulttags.py", line 327, in render
    return nodelist.render(context)
           ^^^^^^^^^^^^^^^^^^^^^^^^
  File "/home/sakib/Desktop/sakib/backend/backend/GraphQL/Employee-management-project/myenv/lib/python3.12/site-packages/django/template/base.py", line 1008, in render
    return SafeString("".join([node.render_annotated(context) for node in self]))
                               ^^^^^^^^^^^^^^^^^^^^^^^^^^^^^^
  File "/home/sakib/Desktop/sakib/backend/backend/GraphQL/Employee-management-project/myenv/lib/python3.12/site-packages/django/template/base.py", line 969, in render_annotated
    return self.render(context)
           ^^^^^^^^^^^^^^^^^^^^
  File "/home/sakib/Desktop/sakib/backend/backend/GraphQL/Employee-management-project/myenv/lib/python3.12/site-packages/django/template/loader_tags.py", line 210, in render
    return template.render(context)
           ^^^^^^^^^^^^^^^^^^^^^^^^
  File "/home/sakib/Desktop/sakib/backend/backend/GraphQL/Employee-management-project/myenv/lib/python3.12/site-packages/django/template/base.py", line 173, in render
    return self._render(context)
           ^^^^^^^^^^^^^^^^^^^^^
  File "/home/sakib/Desktop/sakib/backend/backend/GraphQL/Employee-management-project/myenv/lib/python3.12/site-packages/django/template/base.py", line 163, in _render
    return self.nodelist.render(context)
           ^^^^^^^^^^^^^^^^^^^^^^^^^^^^^
  File "/home/sakib/Desktop/sakib/backend/backend/GraphQL/Employee-management-project/myenv/lib/python3.12/site-packages/django/template/base.py", line 1008, in render
    return SafeString("".join([node.render_annotated(context) for node in self]))
                               ^^^^^^^^^^^^^^^^^^^^^^^^^^^^^^
  File "/home/sakib/Desktop/sakib/backend/backend/GraphQL/Employee-management-project/myenv/lib/python3.12/site-packages/django/template/base.py", line 969, in render_annotated
    return self.render(context)
           ^^^^^^^^^^^^^^^^^^^^
  File "/home/sakib/Desktop/sakib/backend/backend/GraphQL/Employee-management-project/myenv/lib/python3.12/site-packages/django/template/defaulttags.py", line 480, in render
    url = reverse(view_name, args=args, kwargs=kwargs, current_app=current_app)
          ^^^^^^^^^^^^^^^^^^^^^^^^^^^^^^^^^^^^^^^^^^^^^^^^^^^^^^^^^^^^^^^^^^^^^
  File "/home/sakib/Desktop/sakib/backend/backend/GraphQL/Employee-management-project/myenv/lib/python3.12/site-packages/django/urls/base.py", line 88, in reverse
    return resolver._reverse_with_prefix(view, prefix, *args, **kwargs)
           ^^^^^^^^^^^^^^^^^^^^^^^^^^^^^^^^^^^^^^^^^^^^^^^^^^^^^^^^^^^^
  File "/home/sakib/Desktop/sakib/backend/backend/GraphQL/Employee-management-project/myenv/lib/python3.12/site-packages/django/urls/resolvers.py", line 831, in _reverse_with_prefix
    raise NoReverseMatch(msg)
django.urls.exceptions.NoReverseMatch: Reverse for 'manager_page' not found. 'manager_page' is not a valid view function or pattern name.
[2025-01-24 17:07:54,366] ERROR [django.server:213] "GET /dashboard HTTP/1.1" 500 197430
[2025-01-24 17:10:05,594] ERROR [django.request:248] Internal Server Error: /dashboard
Traceback (most recent call last):
  File "/home/sakib/Desktop/sakib/backend/backend/GraphQL/Employee-management-project/myenv/lib/python3.12/site-packages/django/core/handlers/exception.py", line 55, in inner
    response = get_response(request)
               ^^^^^^^^^^^^^^^^^^^^^
  File "/home/sakib/Desktop/sakib/backend/backend/GraphQL/Employee-management-project/myenv/lib/python3.12/site-packages/django/core/handlers/base.py", line 197, in _get_response
    response = wrapped_callback(request, *callback_args, **callback_kwargs)
               ^^^^^^^^^^^^^^^^^^^^^^^^^^^^^^^^^^^^^^^^^^^^^^^^^^^^^^^^^^^^
  File "/home/sakib/Desktop/sakib/backend/backend/GraphQL/Employee-management-project/frontend/views.py", line 18, in Dashboard
    return render(request,'dashboard.html')
           ^^^^^^^^^^^^^^^^^^^^^^^^^^^^^^^^
  File "/home/sakib/Desktop/sakib/backend/backend/GraphQL/Employee-management-project/myenv/lib/python3.12/site-packages/django/shortcuts.py", line 25, in render
    content = loader.render_to_string(template_name, context, request, using=using)
              ^^^^^^^^^^^^^^^^^^^^^^^^^^^^^^^^^^^^^^^^^^^^^^^^^^^^^^^^^^^^^^^^^^^^^
  File "/home/sakib/Desktop/sakib/backend/backend/GraphQL/Employee-management-project/myenv/lib/python3.12/site-packages/django/template/loader.py", line 62, in render_to_string
    return template.render(context, request)
           ^^^^^^^^^^^^^^^^^^^^^^^^^^^^^^^^^
  File "/home/sakib/Desktop/sakib/backend/backend/GraphQL/Employee-management-project/myenv/lib/python3.12/site-packages/django/template/backends/django.py", line 107, in render
    return self.template.render(context)
           ^^^^^^^^^^^^^^^^^^^^^^^^^^^^^
  File "/home/sakib/Desktop/sakib/backend/backend/GraphQL/Employee-management-project/myenv/lib/python3.12/site-packages/django/template/base.py", line 171, in render
    return self._render(context)
           ^^^^^^^^^^^^^^^^^^^^^
  File "/home/sakib/Desktop/sakib/backend/backend/GraphQL/Employee-management-project/myenv/lib/python3.12/site-packages/django/template/base.py", line 163, in _render
    return self.nodelist.render(context)
           ^^^^^^^^^^^^^^^^^^^^^^^^^^^^^
  File "/home/sakib/Desktop/sakib/backend/backend/GraphQL/Employee-management-project/myenv/lib/python3.12/site-packages/django/template/base.py", line 1008, in render
    return SafeString("".join([node.render_annotated(context) for node in self]))
                               ^^^^^^^^^^^^^^^^^^^^^^^^^^^^^^
  File "/home/sakib/Desktop/sakib/backend/backend/GraphQL/Employee-management-project/myenv/lib/python3.12/site-packages/django/template/base.py", line 969, in render_annotated
    return self.render(context)
           ^^^^^^^^^^^^^^^^^^^^
  File "/home/sakib/Desktop/sakib/backend/backend/GraphQL/Employee-management-project/myenv/lib/python3.12/site-packages/django/template/loader_tags.py", line 159, in render
    return compiled_parent._render(context)
           ^^^^^^^^^^^^^^^^^^^^^^^^^^^^^^^^
  File "/home/sakib/Desktop/sakib/backend/backend/GraphQL/Employee-management-project/myenv/lib/python3.12/site-packages/django/template/base.py", line 163, in _render
    return self.nodelist.render(context)
           ^^^^^^^^^^^^^^^^^^^^^^^^^^^^^
  File "/home/sakib/Desktop/sakib/backend/backend/GraphQL/Employee-management-project/myenv/lib/python3.12/site-packages/django/template/base.py", line 1008, in render
    return SafeString("".join([node.render_annotated(context) for node in self]))
                               ^^^^^^^^^^^^^^^^^^^^^^^^^^^^^^
  File "/home/sakib/Desktop/sakib/backend/backend/GraphQL/Employee-management-project/myenv/lib/python3.12/site-packages/django/template/base.py", line 969, in render_annotated
    return self.render(context)
           ^^^^^^^^^^^^^^^^^^^^
  File "/home/sakib/Desktop/sakib/backend/backend/GraphQL/Employee-management-project/myenv/lib/python3.12/site-packages/django/template/loader_tags.py", line 65, in render
    result = block.nodelist.render(context)
             ^^^^^^^^^^^^^^^^^^^^^^^^^^^^^^
  File "/home/sakib/Desktop/sakib/backend/backend/GraphQL/Employee-management-project/myenv/lib/python3.12/site-packages/django/template/base.py", line 1008, in render
    return SafeString("".join([node.render_annotated(context) for node in self]))
                               ^^^^^^^^^^^^^^^^^^^^^^^^^^^^^^
  File "/home/sakib/Desktop/sakib/backend/backend/GraphQL/Employee-management-project/myenv/lib/python3.12/site-packages/django/template/base.py", line 969, in render_annotated
    return self.render(context)
           ^^^^^^^^^^^^^^^^^^^^
  File "/home/sakib/Desktop/sakib/backend/backend/GraphQL/Employee-management-project/myenv/lib/python3.12/site-packages/django/template/defaulttags.py", line 327, in render
    return nodelist.render(context)
           ^^^^^^^^^^^^^^^^^^^^^^^^
  File "/home/sakib/Desktop/sakib/backend/backend/GraphQL/Employee-management-project/myenv/lib/python3.12/site-packages/django/template/base.py", line 1008, in render
    return SafeString("".join([node.render_annotated(context) for node in self]))
                               ^^^^^^^^^^^^^^^^^^^^^^^^^^^^^^
  File "/home/sakib/Desktop/sakib/backend/backend/GraphQL/Employee-management-project/myenv/lib/python3.12/site-packages/django/template/base.py", line 969, in render_annotated
    return self.render(context)
           ^^^^^^^^^^^^^^^^^^^^
  File "/home/sakib/Desktop/sakib/backend/backend/GraphQL/Employee-management-project/myenv/lib/python3.12/site-packages/django/template/loader_tags.py", line 210, in render
    return template.render(context)
           ^^^^^^^^^^^^^^^^^^^^^^^^
  File "/home/sakib/Desktop/sakib/backend/backend/GraphQL/Employee-management-project/myenv/lib/python3.12/site-packages/django/template/base.py", line 173, in render
    return self._render(context)
           ^^^^^^^^^^^^^^^^^^^^^
  File "/home/sakib/Desktop/sakib/backend/backend/GraphQL/Employee-management-project/myenv/lib/python3.12/site-packages/django/template/base.py", line 163, in _render
    return self.nodelist.render(context)
           ^^^^^^^^^^^^^^^^^^^^^^^^^^^^^
  File "/home/sakib/Desktop/sakib/backend/backend/GraphQL/Employee-management-project/myenv/lib/python3.12/site-packages/django/template/base.py", line 1008, in render
    return SafeString("".join([node.render_annotated(context) for node in self]))
                               ^^^^^^^^^^^^^^^^^^^^^^^^^^^^^^
  File "/home/sakib/Desktop/sakib/backend/backend/GraphQL/Employee-management-project/myenv/lib/python3.12/site-packages/django/template/base.py", line 969, in render_annotated
    return self.render(context)
           ^^^^^^^^^^^^^^^^^^^^
  File "/home/sakib/Desktop/sakib/backend/backend/GraphQL/Employee-management-project/myenv/lib/python3.12/site-packages/django/template/defaulttags.py", line 480, in render
    url = reverse(view_name, args=args, kwargs=kwargs, current_app=current_app)
          ^^^^^^^^^^^^^^^^^^^^^^^^^^^^^^^^^^^^^^^^^^^^^^^^^^^^^^^^^^^^^^^^^^^^^
  File "/home/sakib/Desktop/sakib/backend/backend/GraphQL/Employee-management-project/myenv/lib/python3.12/site-packages/django/urls/base.py", line 88, in reverse
    return resolver._reverse_with_prefix(view, prefix, *args, **kwargs)
           ^^^^^^^^^^^^^^^^^^^^^^^^^^^^^^^^^^^^^^^^^^^^^^^^^^^^^^^^^^^^
  File "/home/sakib/Desktop/sakib/backend/backend/GraphQL/Employee-management-project/myenv/lib/python3.12/site-packages/django/urls/resolvers.py", line 831, in _reverse_with_prefix
    raise NoReverseMatch(msg)
django.urls.exceptions.NoReverseMatch: Reverse for 'manager_page' not found. 'manager_page' is not a valid view function or pattern name.
[2025-01-24 17:10:05,597] ERROR [django.server:213] "GET /dashboard HTTP/1.1" 500 197430
[2025-01-24 17:10:07,956] ERROR [django.request:248] Internal Server Error: /dashboard
Traceback (most recent call last):
  File "/home/sakib/Desktop/sakib/backend/backend/GraphQL/Employee-management-project/myenv/lib/python3.12/site-packages/django/core/handlers/exception.py", line 55, in inner
    response = get_response(request)
               ^^^^^^^^^^^^^^^^^^^^^
  File "/home/sakib/Desktop/sakib/backend/backend/GraphQL/Employee-management-project/myenv/lib/python3.12/site-packages/django/core/handlers/base.py", line 197, in _get_response
    response = wrapped_callback(request, *callback_args, **callback_kwargs)
               ^^^^^^^^^^^^^^^^^^^^^^^^^^^^^^^^^^^^^^^^^^^^^^^^^^^^^^^^^^^^
  File "/home/sakib/Desktop/sakib/backend/backend/GraphQL/Employee-management-project/frontend/views.py", line 18, in Dashboard
    return render(request,'dashboard.html')
           ^^^^^^^^^^^^^^^^^^^^^^^^^^^^^^^^
  File "/home/sakib/Desktop/sakib/backend/backend/GraphQL/Employee-management-project/myenv/lib/python3.12/site-packages/django/shortcuts.py", line 25, in render
    content = loader.render_to_string(template_name, context, request, using=using)
              ^^^^^^^^^^^^^^^^^^^^^^^^^^^^^^^^^^^^^^^^^^^^^^^^^^^^^^^^^^^^^^^^^^^^^
  File "/home/sakib/Desktop/sakib/backend/backend/GraphQL/Employee-management-project/myenv/lib/python3.12/site-packages/django/template/loader.py", line 62, in render_to_string
    return template.render(context, request)
           ^^^^^^^^^^^^^^^^^^^^^^^^^^^^^^^^^
  File "/home/sakib/Desktop/sakib/backend/backend/GraphQL/Employee-management-project/myenv/lib/python3.12/site-packages/django/template/backends/django.py", line 107, in render
    return self.template.render(context)
           ^^^^^^^^^^^^^^^^^^^^^^^^^^^^^
  File "/home/sakib/Desktop/sakib/backend/backend/GraphQL/Employee-management-project/myenv/lib/python3.12/site-packages/django/template/base.py", line 171, in render
    return self._render(context)
           ^^^^^^^^^^^^^^^^^^^^^
  File "/home/sakib/Desktop/sakib/backend/backend/GraphQL/Employee-management-project/myenv/lib/python3.12/site-packages/django/template/base.py", line 163, in _render
    return self.nodelist.render(context)
           ^^^^^^^^^^^^^^^^^^^^^^^^^^^^^
  File "/home/sakib/Desktop/sakib/backend/backend/GraphQL/Employee-management-project/myenv/lib/python3.12/site-packages/django/template/base.py", line 1008, in render
    return SafeString("".join([node.render_annotated(context) for node in self]))
                               ^^^^^^^^^^^^^^^^^^^^^^^^^^^^^^
  File "/home/sakib/Desktop/sakib/backend/backend/GraphQL/Employee-management-project/myenv/lib/python3.12/site-packages/django/template/base.py", line 969, in render_annotated
    return self.render(context)
           ^^^^^^^^^^^^^^^^^^^^
  File "/home/sakib/Desktop/sakib/backend/backend/GraphQL/Employee-management-project/myenv/lib/python3.12/site-packages/django/template/loader_tags.py", line 159, in render
    return compiled_parent._render(context)
           ^^^^^^^^^^^^^^^^^^^^^^^^^^^^^^^^
  File "/home/sakib/Desktop/sakib/backend/backend/GraphQL/Employee-management-project/myenv/lib/python3.12/site-packages/django/template/base.py", line 163, in _render
    return self.nodelist.render(context)
           ^^^^^^^^^^^^^^^^^^^^^^^^^^^^^
  File "/home/sakib/Desktop/sakib/backend/backend/GraphQL/Employee-management-project/myenv/lib/python3.12/site-packages/django/template/base.py", line 1008, in render
    return SafeString("".join([node.render_annotated(context) for node in self]))
                               ^^^^^^^^^^^^^^^^^^^^^^^^^^^^^^
  File "/home/sakib/Desktop/sakib/backend/backend/GraphQL/Employee-management-project/myenv/lib/python3.12/site-packages/django/template/base.py", line 969, in render_annotated
    return self.render(context)
           ^^^^^^^^^^^^^^^^^^^^
  File "/home/sakib/Desktop/sakib/backend/backend/GraphQL/Employee-management-project/myenv/lib/python3.12/site-packages/django/template/loader_tags.py", line 65, in render
    result = block.nodelist.render(context)
             ^^^^^^^^^^^^^^^^^^^^^^^^^^^^^^
  File "/home/sakib/Desktop/sakib/backend/backend/GraphQL/Employee-management-project/myenv/lib/python3.12/site-packages/django/template/base.py", line 1008, in render
    return SafeString("".join([node.render_annotated(context) for node in self]))
                               ^^^^^^^^^^^^^^^^^^^^^^^^^^^^^^
  File "/home/sakib/Desktop/sakib/backend/backend/GraphQL/Employee-management-project/myenv/lib/python3.12/site-packages/django/template/base.py", line 969, in render_annotated
    return self.render(context)
           ^^^^^^^^^^^^^^^^^^^^
  File "/home/sakib/Desktop/sakib/backend/backend/GraphQL/Employee-management-project/myenv/lib/python3.12/site-packages/django/template/defaulttags.py", line 327, in render
    return nodelist.render(context)
           ^^^^^^^^^^^^^^^^^^^^^^^^
  File "/home/sakib/Desktop/sakib/backend/backend/GraphQL/Employee-management-project/myenv/lib/python3.12/site-packages/django/template/base.py", line 1008, in render
    return SafeString("".join([node.render_annotated(context) for node in self]))
                               ^^^^^^^^^^^^^^^^^^^^^^^^^^^^^^
  File "/home/sakib/Desktop/sakib/backend/backend/GraphQL/Employee-management-project/myenv/lib/python3.12/site-packages/django/template/base.py", line 969, in render_annotated
    return self.render(context)
           ^^^^^^^^^^^^^^^^^^^^
  File "/home/sakib/Desktop/sakib/backend/backend/GraphQL/Employee-management-project/myenv/lib/python3.12/site-packages/django/template/loader_tags.py", line 210, in render
    return template.render(context)
           ^^^^^^^^^^^^^^^^^^^^^^^^
  File "/home/sakib/Desktop/sakib/backend/backend/GraphQL/Employee-management-project/myenv/lib/python3.12/site-packages/django/template/base.py", line 173, in render
    return self._render(context)
           ^^^^^^^^^^^^^^^^^^^^^
  File "/home/sakib/Desktop/sakib/backend/backend/GraphQL/Employee-management-project/myenv/lib/python3.12/site-packages/django/template/base.py", line 163, in _render
    return self.nodelist.render(context)
           ^^^^^^^^^^^^^^^^^^^^^^^^^^^^^
  File "/home/sakib/Desktop/sakib/backend/backend/GraphQL/Employee-management-project/myenv/lib/python3.12/site-packages/django/template/base.py", line 1008, in render
    return SafeString("".join([node.render_annotated(context) for node in self]))
                               ^^^^^^^^^^^^^^^^^^^^^^^^^^^^^^
  File "/home/sakib/Desktop/sakib/backend/backend/GraphQL/Employee-management-project/myenv/lib/python3.12/site-packages/django/template/base.py", line 969, in render_annotated
    return self.render(context)
           ^^^^^^^^^^^^^^^^^^^^
  File "/home/sakib/Desktop/sakib/backend/backend/GraphQL/Employee-management-project/myenv/lib/python3.12/site-packages/django/template/defaulttags.py", line 480, in render
    url = reverse(view_name, args=args, kwargs=kwargs, current_app=current_app)
          ^^^^^^^^^^^^^^^^^^^^^^^^^^^^^^^^^^^^^^^^^^^^^^^^^^^^^^^^^^^^^^^^^^^^^
  File "/home/sakib/Desktop/sakib/backend/backend/GraphQL/Employee-management-project/myenv/lib/python3.12/site-packages/django/urls/base.py", line 88, in reverse
    return resolver._reverse_with_prefix(view, prefix, *args, **kwargs)
           ^^^^^^^^^^^^^^^^^^^^^^^^^^^^^^^^^^^^^^^^^^^^^^^^^^^^^^^^^^^^
  File "/home/sakib/Desktop/sakib/backend/backend/GraphQL/Employee-management-project/myenv/lib/python3.12/site-packages/django/urls/resolvers.py", line 831, in _reverse_with_prefix
    raise NoReverseMatch(msg)
django.urls.exceptions.NoReverseMatch: Reverse for 'manager_page' not found. 'manager_page' is not a valid view function or pattern name.
[2025-01-24 17:10:07,957] ERROR [django.server:213] "GET /dashboard HTTP/1.1" 500 197582
[2025-01-24 17:10:24,761] ERROR [django.request:248] Internal Server Error: /cm
Traceback (most recent call last):
  File "/home/sakib/Desktop/sakib/backend/backend/GraphQL/Employee-management-project/myenv/lib/python3.12/site-packages/django/core/handlers/exception.py", line 55, in inner
    response = get_response(request)
               ^^^^^^^^^^^^^^^^^^^^^
  File "/home/sakib/Desktop/sakib/backend/backend/GraphQL/Employee-management-project/myenv/lib/python3.12/site-packages/django/core/handlers/base.py", line 197, in _get_response
    response = wrapped_callback(request, *callback_args, **callback_kwargs)
               ^^^^^^^^^^^^^^^^^^^^^^^^^^^^^^^^^^^^^^^^^^^^^^^^^^^^^^^^^^^^
  File "/home/sakib/Desktop/sakib/backend/backend/GraphQL/Employee-management-project/frontend/views.py", line 46, in Create_manager
    return render(request,'createManager.html')
           ^^^^^^^^^^^^^^^^^^^^^^^^^^^^^^^^^^^^
  File "/home/sakib/Desktop/sakib/backend/backend/GraphQL/Employee-management-project/myenv/lib/python3.12/site-packages/django/shortcuts.py", line 25, in render
    content = loader.render_to_string(template_name, context, request, using=using)
              ^^^^^^^^^^^^^^^^^^^^^^^^^^^^^^^^^^^^^^^^^^^^^^^^^^^^^^^^^^^^^^^^^^^^^
  File "/home/sakib/Desktop/sakib/backend/backend/GraphQL/Employee-management-project/myenv/lib/python3.12/site-packages/django/template/loader.py", line 61, in render_to_string
    template = get_template(template_name, using=using)
               ^^^^^^^^^^^^^^^^^^^^^^^^^^^^^^^^^^^^^^^^
  File "/home/sakib/Desktop/sakib/backend/backend/GraphQL/Employee-management-project/myenv/lib/python3.12/site-packages/django/template/loader.py", line 19, in get_template
    raise TemplateDoesNotExist(template_name, chain=chain)
django.template.exceptions.TemplateDoesNotExist: createManager.html
[2025-01-24 17:10:24,763] ERROR [django.server:213] "GET /cm HTTP/1.1" 500 92245
[2025-01-24 17:11:06,029] ERROR [django.request:248] Internal Server Error: /dashboard
Traceback (most recent call last):
  File "/home/sakib/Desktop/sakib/backend/backend/GraphQL/Employee-management-project/myenv/lib/python3.12/site-packages/django/core/handlers/exception.py", line 55, in inner
    response = get_response(request)
               ^^^^^^^^^^^^^^^^^^^^^
  File "/home/sakib/Desktop/sakib/backend/backend/GraphQL/Employee-management-project/myenv/lib/python3.12/site-packages/django/core/handlers/base.py", line 197, in _get_response
    response = wrapped_callback(request, *callback_args, **callback_kwargs)
               ^^^^^^^^^^^^^^^^^^^^^^^^^^^^^^^^^^^^^^^^^^^^^^^^^^^^^^^^^^^^
  File "/home/sakib/Desktop/sakib/backend/backend/GraphQL/Employee-management-project/frontend/views.py", line 18, in Dashboard
    return render(request,'dashboard.html')
           ^^^^^^^^^^^^^^^^^^^^^^^^^^^^^^^^
  File "/home/sakib/Desktop/sakib/backend/backend/GraphQL/Employee-management-project/myenv/lib/python3.12/site-packages/django/shortcuts.py", line 25, in render
    content = loader.render_to_string(template_name, context, request, using=using)
              ^^^^^^^^^^^^^^^^^^^^^^^^^^^^^^^^^^^^^^^^^^^^^^^^^^^^^^^^^^^^^^^^^^^^^
  File "/home/sakib/Desktop/sakib/backend/backend/GraphQL/Employee-management-project/myenv/lib/python3.12/site-packages/django/template/loader.py", line 62, in render_to_string
    return template.render(context, request)
           ^^^^^^^^^^^^^^^^^^^^^^^^^^^^^^^^^
  File "/home/sakib/Desktop/sakib/backend/backend/GraphQL/Employee-management-project/myenv/lib/python3.12/site-packages/django/template/backends/django.py", line 107, in render
    return self.template.render(context)
           ^^^^^^^^^^^^^^^^^^^^^^^^^^^^^
  File "/home/sakib/Desktop/sakib/backend/backend/GraphQL/Employee-management-project/myenv/lib/python3.12/site-packages/django/template/base.py", line 171, in render
    return self._render(context)
           ^^^^^^^^^^^^^^^^^^^^^
  File "/home/sakib/Desktop/sakib/backend/backend/GraphQL/Employee-management-project/myenv/lib/python3.12/site-packages/django/template/base.py", line 163, in _render
    return self.nodelist.render(context)
           ^^^^^^^^^^^^^^^^^^^^^^^^^^^^^
  File "/home/sakib/Desktop/sakib/backend/backend/GraphQL/Employee-management-project/myenv/lib/python3.12/site-packages/django/template/base.py", line 1008, in render
    return SafeString("".join([node.render_annotated(context) for node in self]))
                               ^^^^^^^^^^^^^^^^^^^^^^^^^^^^^^
  File "/home/sakib/Desktop/sakib/backend/backend/GraphQL/Employee-management-project/myenv/lib/python3.12/site-packages/django/template/base.py", line 969, in render_annotated
    return self.render(context)
           ^^^^^^^^^^^^^^^^^^^^
  File "/home/sakib/Desktop/sakib/backend/backend/GraphQL/Employee-management-project/myenv/lib/python3.12/site-packages/django/template/loader_tags.py", line 159, in render
    return compiled_parent._render(context)
           ^^^^^^^^^^^^^^^^^^^^^^^^^^^^^^^^
  File "/home/sakib/Desktop/sakib/backend/backend/GraphQL/Employee-management-project/myenv/lib/python3.12/site-packages/django/template/base.py", line 163, in _render
    return self.nodelist.render(context)
           ^^^^^^^^^^^^^^^^^^^^^^^^^^^^^
  File "/home/sakib/Desktop/sakib/backend/backend/GraphQL/Employee-management-project/myenv/lib/python3.12/site-packages/django/template/base.py", line 1008, in render
    return SafeString("".join([node.render_annotated(context) for node in self]))
                               ^^^^^^^^^^^^^^^^^^^^^^^^^^^^^^
  File "/home/sakib/Desktop/sakib/backend/backend/GraphQL/Employee-management-project/myenv/lib/python3.12/site-packages/django/template/base.py", line 969, in render_annotated
    return self.render(context)
           ^^^^^^^^^^^^^^^^^^^^
  File "/home/sakib/Desktop/sakib/backend/backend/GraphQL/Employee-management-project/myenv/lib/python3.12/site-packages/django/template/loader_tags.py", line 65, in render
    result = block.nodelist.render(context)
             ^^^^^^^^^^^^^^^^^^^^^^^^^^^^^^
  File "/home/sakib/Desktop/sakib/backend/backend/GraphQL/Employee-management-project/myenv/lib/python3.12/site-packages/django/template/base.py", line 1008, in render
    return SafeString("".join([node.render_annotated(context) for node in self]))
                               ^^^^^^^^^^^^^^^^^^^^^^^^^^^^^^
  File "/home/sakib/Desktop/sakib/backend/backend/GraphQL/Employee-management-project/myenv/lib/python3.12/site-packages/django/template/base.py", line 969, in render_annotated
    return self.render(context)
           ^^^^^^^^^^^^^^^^^^^^
  File "/home/sakib/Desktop/sakib/backend/backend/GraphQL/Employee-management-project/myenv/lib/python3.12/site-packages/django/template/defaulttags.py", line 327, in render
    return nodelist.render(context)
           ^^^^^^^^^^^^^^^^^^^^^^^^
  File "/home/sakib/Desktop/sakib/backend/backend/GraphQL/Employee-management-project/myenv/lib/python3.12/site-packages/django/template/base.py", line 1008, in render
    return SafeString("".join([node.render_annotated(context) for node in self]))
                               ^^^^^^^^^^^^^^^^^^^^^^^^^^^^^^
  File "/home/sakib/Desktop/sakib/backend/backend/GraphQL/Employee-management-project/myenv/lib/python3.12/site-packages/django/template/base.py", line 969, in render_annotated
    return self.render(context)
           ^^^^^^^^^^^^^^^^^^^^
  File "/home/sakib/Desktop/sakib/backend/backend/GraphQL/Employee-management-project/myenv/lib/python3.12/site-packages/django/template/loader_tags.py", line 210, in render
    return template.render(context)
           ^^^^^^^^^^^^^^^^^^^^^^^^
  File "/home/sakib/Desktop/sakib/backend/backend/GraphQL/Employee-management-project/myenv/lib/python3.12/site-packages/django/template/base.py", line 173, in render
    return self._render(context)
           ^^^^^^^^^^^^^^^^^^^^^
  File "/home/sakib/Desktop/sakib/backend/backend/GraphQL/Employee-management-project/myenv/lib/python3.12/site-packages/django/template/base.py", line 163, in _render
    return self.nodelist.render(context)
           ^^^^^^^^^^^^^^^^^^^^^^^^^^^^^
  File "/home/sakib/Desktop/sakib/backend/backend/GraphQL/Employee-management-project/myenv/lib/python3.12/site-packages/django/template/base.py", line 1008, in render
    return SafeString("".join([node.render_annotated(context) for node in self]))
                               ^^^^^^^^^^^^^^^^^^^^^^^^^^^^^^
  File "/home/sakib/Desktop/sakib/backend/backend/GraphQL/Employee-management-project/myenv/lib/python3.12/site-packages/django/template/base.py", line 969, in render_annotated
    return self.render(context)
           ^^^^^^^^^^^^^^^^^^^^
  File "/home/sakib/Desktop/sakib/backend/backend/GraphQL/Employee-management-project/myenv/lib/python3.12/site-packages/django/template/defaulttags.py", line 480, in render
    url = reverse(view_name, args=args, kwargs=kwargs, current_app=current_app)
          ^^^^^^^^^^^^^^^^^^^^^^^^^^^^^^^^^^^^^^^^^^^^^^^^^^^^^^^^^^^^^^^^^^^^^
  File "/home/sakib/Desktop/sakib/backend/backend/GraphQL/Employee-management-project/myenv/lib/python3.12/site-packages/django/urls/base.py", line 88, in reverse
    return resolver._reverse_with_prefix(view, prefix, *args, **kwargs)
           ^^^^^^^^^^^^^^^^^^^^^^^^^^^^^^^^^^^^^^^^^^^^^^^^^^^^^^^^^^^^
  File "/home/sakib/Desktop/sakib/backend/backend/GraphQL/Employee-management-project/myenv/lib/python3.12/site-packages/django/urls/resolvers.py", line 831, in _reverse_with_prefix
    raise NoReverseMatch(msg)
django.urls.exceptions.NoReverseMatch: Reverse for 'manager_page' not found. 'manager_page' is not a valid view function or pattern name.
[2025-01-24 17:11:06,033] ERROR [django.server:213] "GET /dashboard HTTP/1.1" 500 197445
